FFFFFFFFFFFFEE
======================================================================
ERROR: test_kickstart_refuses_existing_installer_account_before_storage (tests.test_hermes_production.ProductionPolicyTests.test_kickstart_refuses_existing_installer_account_before_storage)
----------------------------------------------------------------------
Traceback (most recent call last):
  File "/var/home/aicloudopspecial/code/repos/hermes-fedora-host/tests/test_hermes_production.py", line 218, in test_kickstart_refuses_existing_installer_account_before_storage
    guard = pre.split("<<'HERMES_ADMIN_UNUSED'\n")[1].split("\nHERMES_ADMIN_UNUSED")[0]
            ~~~~~~~~~~~~~~~~~~~~~~~~~~~~~~~~~~~~~~^^^
IndexError: list index out of range

======================================================================
ERROR: test_kickstart_verifies_human_admin_identity_and_public_key (tests.test_hermes_production.ProductionPolicyTests.test_kickstart_verifies_human_admin_identity_and_public_key)
----------------------------------------------------------------------
Traceback (most recent call last):
  File "/var/home/aicloudopspecial/code/repos/hermes-fedora-host/tests/test_hermes_production.py", line 228, in test_kickstart_verifies_human_admin_identity_and_public_key
    guard = rendered.split("<<'HERMES_ADMIN_VERIFY'\n")[1].split("\nHERMES_ADMIN_VERIFY")[0]
            ~~~~~~~~~~~~~~~~~~~~~~~~~~~~~~~~~~~~~~~~~~~^^^
IndexError: list index out of range

======================================================================
FAIL: test_kickstart_refuses_reserved_fedora_and_service_administrators (tests.test_hermes_production.ProductionPolicyTests.test_kickstart_refuses_reserved_fedora_and_service_administrators) (name='bin')
----------------------------------------------------------------------
Traceback (most recent call last):
  File "/var/home/aicloudopspecial/code/repos/hermes-fedora-host/tests/test_hermes_production.py", line 212, in test_kickstart_refuses_reserved_fedora_and_service_administrators
    with self.subTest(name=name), self.assertRaisesRegex(Refused, "invalid-admin"):
                                  ~~~~~~~~~~~~~~~~~~~~~~^^^^^^^^^^^^^^^^^^^^^^^^^^
AssertionError: Refused not raised

======================================================================
FAIL: test_kickstart_refuses_reserved_fedora_and_service_administrators (tests.test_hermes_production.ProductionPolicyTests.test_kickstart_refuses_reserved_fedora_and_service_administrators) (name='daemon')
----------------------------------------------------------------------
Traceback (most recent call last):
  File "/var/home/aicloudopspecial/code/repos/hermes-fedora-host/tests/test_hermes_production.py", line 212, in test_kickstart_refuses_reserved_fedora_and_service_administrators
    with self.subTest(name=name), self.assertRaisesRegex(Refused, "invalid-admin"):
                                  ~~~~~~~~~~~~~~~~~~~~~~^^^^^^^^^^^^^^^^^^^^^^^^^^
AssertionError: Refused not raised

======================================================================
FAIL: test_kickstart_refuses_reserved_fedora_and_service_administrators (tests.test_hermes_production.ProductionPolicyTests.test_kickstart_refuses_reserved_fedora_and_service_administrators) (name='adm')
----------------------------------------------------------------------
Traceback (most recent call last):
  File "/var/home/aicloudopspecial/code/repos/hermes-fedora-host/tests/test_hermes_production.py", line 212, in test_kickstart_refuses_reserved_fedora_and_service_administrators
    with self.subTest(name=name), self.assertRaisesRegex(Refused, "invalid-admin"):
                                  ~~~~~~~~~~~~~~~~~~~~~~^^^^^^^^^^^^^^^^^^^^^^^^^^
AssertionError: Refused not raised

======================================================================
FAIL: test_kickstart_refuses_reserved_fedora_and_service_administrators (tests.test_hermes_production.ProductionPolicyTests.test_kickstart_refuses_reserved_fedora_and_service_administrators) (name='lp')
----------------------------------------------------------------------
Traceback (most recent call last):
  File "/var/home/aicloudopspecial/code/repos/hermes-fedora-host/tests/test_hermes_production.py", line 212, in test_kickstart_refuses_reserved_fedora_and_service_administrators
    with self.subTest(name=name), self.assertRaisesRegex(Refused, "invalid-admin"):
                                  ~~~~~~~~~~~~~~~~~~~~~~^^^^^^^^^^^^^^^^^^^^^^^^^^
AssertionError: Refused not raised

======================================================================
FAIL: test_kickstart_refuses_reserved_fedora_and_service_administrators (tests.test_hermes_production.ProductionPolicyTests.test_kickstart_refuses_reserved_fedora_and_service_administrators) (name='sync')
----------------------------------------------------------------------
Traceback (most recent call last):
  File "/var/home/aicloudopspecial/code/repos/hermes-fedora-host/tests/test_hermes_production.py", line 212, in test_kickstart_refuses_reserved_fedora_and_service_administrators
    with self.subTest(name=name), self.assertRaisesRegex(Refused, "invalid-admin"):
                                  ~~~~~~~~~~~~~~~~~~~~~~^^^^^^^^^^^^^^^^^^^^^^^^^^
AssertionError: Refused not raised

======================================================================
FAIL: test_kickstart_refuses_reserved_fedora_and_service_administrators (tests.test_hermes_production.ProductionPolicyTests.test_kickstart_refuses_reserved_fedora_and_service_administrators) (name='shutdown')
----------------------------------------------------------------------
Traceback (most recent call last):
  File "/var/home/aicloudopspecial/code/repos/hermes-fedora-host/tests/test_hermes_production.py", line 212, in test_kickstart_refuses_reserved_fedora_and_service_administrators
    with self.subTest(name=name), self.assertRaisesRegex(Refused, "invalid-admin"):
                                  ~~~~~~~~~~~~~~~~~~~~~~^^^^^^^^^^^^^^^^^^^^^^^^^^
AssertionError: Refused not raised

======================================================================
FAIL: test_kickstart_refuses_reserved_fedora_and_service_administrators (tests.test_hermes_production.ProductionPolicyTests.test_kickstart_refuses_reserved_fedora_and_service_administrators) (name='halt')
----------------------------------------------------------------------
Traceback (most recent call last):
  File "/var/home/aicloudopspecial/code/repos/hermes-fedora-host/tests/test_hermes_production.py", line 212, in test_kickstart_refuses_reserved_fedora_and_service_administrators
    with self.subTest(name=name), self.assertRaisesRegex(Refused, "invalid-admin"):
                                  ~~~~~~~~~~~~~~~~~~~~~~^^^^^^^^^^^^^^^^^^^^^^^^^^
AssertionError: Refused not raised

======================================================================
FAIL: test_kickstart_refuses_reserved_fedora_and_service_administrators (tests.test_hermes_production.ProductionPolicyTests.test_kickstart_refuses_reserved_fedora_and_service_administrators) (name='mail')
----------------------------------------------------------------------
Traceback (most recent call last):
  File "/var/home/aicloudopspecial/code/repos/hermes-fedora-host/tests/test_hermes_production.py", line 212, in test_kickstart_refuses_reserved_fedora_and_service_administrators
    with self.subTest(name=name), self.assertRaisesRegex(Refused, "invalid-admin"):
                                  ~~~~~~~~~~~~~~~~~~~~~~^^^^^^^^^^^^^^^^^^^^^^^^^^
AssertionError: Refused not raised

======================================================================
FAIL: test_kickstart_refuses_reserved_fedora_and_service_administrators (tests.test_hermes_production.ProductionPolicyTests.test_kickstart_refuses_reserved_fedora_and_service_administrators) (name='operator')
----------------------------------------------------------------------
Traceback (most recent call last):
  File "/var/home/aicloudopspecial/code/repos/hermes-fedora-host/tests/test_hermes_production.py", line 212, in test_kickstart_refuses_reserved_fedora_and_service_administrators
    with self.subTest(name=name), self.assertRaisesRegex(Refused, "invalid-admin"):
                                  ~~~~~~~~~~~~~~~~~~~~~~^^^^^^^^^^^^^^^^^^^^^^^^^^
AssertionError: Refused not raised

======================================================================
FAIL: test_kickstart_refuses_reserved_fedora_and_service_administrators (tests.test_hermes_production.ProductionPolicyTests.test_kickstart_refuses_reserved_fedora_and_service_administrators) (name='games')
----------------------------------------------------------------------
Traceback (most recent call last):
  File "/var/home/aicloudopspecial/code/repos/hermes-fedora-host/tests/test_hermes_production.py", line 212, in test_kickstart_refuses_reserved_fedora_and_service_administrators
    with self.subTest(name=name), self.assertRaisesRegex(Refused, "invalid-admin"):
                                  ~~~~~~~~~~~~~~~~~~~~~~^^^^^^^^^^^^^^^^^^^^^^^^^^
AssertionError: Refused not raised

======================================================================
FAIL: test_kickstart_refuses_reserved_fedora_and_service_administrators (tests.test_hermes_production.ProductionPolicyTests.test_kickstart_refuses_reserved_fedora_and_service_administrators) (name='ftp')
----------------------------------------------------------------------
Traceback (most recent call last):
  File "/var/home/aicloudopspecial/code/repos/hermes-fedora-host/tests/test_hermes_production.py", line 212, in test_kickstart_refuses_reserved_fedora_and_service_administrators
    with self.subTest(name=name), self.assertRaisesRegex(Refused, "invalid-admin"):
                                  ~~~~~~~~~~~~~~~~~~~~~~^^^^^^^^^^^^^^^^^^^^^^^^^^
AssertionError: Refused not raised

======================================================================
FAIL: test_kickstart_refuses_reserved_fedora_and_service_administrators (tests.test_hermes_production.ProductionPolicyTests.test_kickstart_refuses_reserved_fedora_and_service_administrators) (name='nobody')
----------------------------------------------------------------------
Traceback (most recent call last):
  File "/var/home/aicloudopspecial/code/repos/hermes-fedora-host/tests/test_hermes_production.py", line 212, in test_kickstart_refuses_reserved_fedora_and_service_administrators
    with self.subTest(name=name), self.assertRaisesRegex(Refused, "invalid-admin"):
                                  ~~~~~~~~~~~~~~~~~~~~~~^^^^^^^^^^^^^^^^^^^^^^^^^^
AssertionError: Refused not raised

----------------------------------------------------------------------
Ran 3 tests in 0.003s

FAILED (failures=12, errors=2)
