PASS: exact candidate archive, bootstrap and prepared source/evidence hashes unchanged; 195 local documentation targets and 8 Markdown fragments exist
markdownlint-cli2........................................................Passed
Check-only lint: 112 shell files, 55 Markdown files

=== shellcheck (certifier reviewed set, default severity) ===
PASS: shellcheck (certifier reviewed set, default severity)

=== shellcheck (whole working tree, repository error-only gate) ===
PASS: shellcheck (whole working tree, repository error-only gate)

=== shfmt check-only ===
PASS: shfmt check-only

=== markdownlint (check-only) ===
markdownlint-cli2........................................................Passed
PASS: markdownlint (check-only)

=== pre-commit check-merge-conflict ===
check for merge conflicts................................................Passed
PASS: pre-commit check-merge-conflict

=== pre-commit check-case-conflict ===
check for case conflicts.................................................Passed
PASS: pre-commit check-case-conflict

=== pre-commit check-executables-have-shebangs ===
check that executables have shebangs.....................................Passed
PASS: pre-commit check-executables-have-shebangs

=== pre-commit check-shebang-scripts-are-executable ===
check that scripts with shebangs are executable..........................Passed
PASS: pre-commit check-shebang-scripts-are-executable

=== pre-commit check-added-large-files ===
check for added large files..............................................Passed
PASS: pre-commit check-added-large-files

=== pre-commit check-yaml ===
check yaml...............................................................Passed
PASS: pre-commit check-yaml

=== pre-commit check-json ===
check json...............................................................Passed
PASS: pre-commit check-json

=== pre-commit check-toml ===
check toml...............................................................Passed
PASS: pre-commit check-toml

=== pre-commit detect-private-key ===
detect private key.......................................................Passed
PASS: pre-commit detect-private-key

PASS: check-only lint gate passed
Secret scan: 763 tracked/untracked files (validation disabled)
PASS: scanner positive control reported a redacted github-pat finding for the synthetic file
PASS: no findings in the full reviewed working tree
wrote docs/migration-manifest.txt: 762 rows, 13 excluded candidates, payload fingerprint c303b6982541122158cee84687183e4cd5f9cb5c27f2c1fa906fc58c644a7eb8
VERIFY MODE: source-aware (source, toolbox and companion checkouts present)
PASS: docs/migration-manifest.txt matches the working tree (762 rows)
